0 verbose cli C:\Program Files\nodejs\node.exe C:\Users\Renzo\AppData\Roaming\npm\node_modules\npm\bin\npm-cli.js
1 info using npm@11.12.1
2 info using node@v24.13.0
3 silly config load:file:C:\Users\Renzo\AppData\Roaming\npm\node_modules\npm\npmrc
4 silly config load:file:C:\Users\Renzo\Desktop\inventario de vanigas\.npmrc
5 silly config load:file:C:\Users\Renzo\.npmrc
6 silly config load:file:C:\Users\Renzo\AppData\Roaming\npm\etc\npmrc
7 verbose title npm install appwrite
8 verbose argv "install" "appwrite" "--cache" ".npm-cache"
9 verbose logfile logs-max:10 dir:C:\Users\Renzo\Desktop\inventario de vanigas\.npm-cache\_logs\2026-07-23T03_23_10_109Z-
10 verbose logfile C:\Users\Renzo\Desktop\inventario de vanigas\.npm-cache\_logs\2026-07-23T03_23_10_109Z-debug-0.log
11 silly logfile done cleaning log files
12 silly packumentCache heap:4496293888 maxSize:1124073472 maxEntrySize:562036736
13 silly idealTree buildDeps
14 silly fetch manifest appwrite@*
15 silly packumentCache full:https://registry.npmjs.org/appwrite cache-miss
16 http fetch GET 200 https://registry.npmjs.org/appwrite 709ms (cache miss)
17 silly packumentCache full:https://registry.npmjs.org/appwrite set size:undefined disposed:false
18 silly placeDep ROOT appwrite@26.2.0 OK for: site-creator-vinext-starter@0.1.0 want: *
19 silly fetch manifest json-bigint@1.0.0
20 silly packumentCache full:https://registry.npmjs.org/json-bigint cache-miss
21 http fetch GET 200 https://registry.npmjs.org/json-bigint 151ms (cache miss)
22 silly packumentCache full:https://registry.npmjs.org/json-bigint set size:undefined disposed:false
23 silly placeDep ROOT json-bigint@1.0.0 OK for: appwrite@26.2.0 want: 1.0.0
24 silly fetch manifest bignumber.js@^9.0.0
25 silly packumentCache full:https://registry.npmjs.org/bignumber.js cache-miss
26 http fetch GET 200 https://registry.npmjs.org/bignumber.js 164ms (cache miss)
27 silly packumentCache full:https://registry.npmjs.org/bignumber.js set size:undefined disposed:false
28 silly placeDep ROOT bignumber.js@9.3.1 OK for: json-bigint@1.0.0 want: ^9.0.0
29 silly reify moves {}
30 silly audit bulk request {
30 silly audit   '@alloc/quick-lru': [ '5.2.0' ],
30 silly audit   '@babel/code-frame': [ '7.29.0' ],
30 silly audit   '@babel/compat-data': [ '7.29.3' ],
30 silly audit   '@babel/core': [ '7.29.0' ],
30 silly audit   '@babel/generator': [ '7.29.1' ],
30 silly audit   '@babel/helper-compilation-targets': [ '7.28.6' ],
30 silly audit   '@babel/helper-globals': [ '7.28.0' ],
30 silly audit   '@babel/helper-module-imports': [ '7.28.6' ],
30 silly audit   '@babel/helper-module-transforms': [ '7.28.6' ],
30 silly audit   '@babel/helper-string-parser': [ '7.27.1' ],
30 silly audit   '@babel/helper-validator-identifier': [ '7.28.5' ],
30 silly audit   '@babel/helper-validator-option': [ '7.27.1' ],
30 silly audit   '@babel/helpers': [ '7.29.2' ],
30 silly audit   '@babel/parser': [ '7.29.3' ],
30 silly audit   '@babel/template': [ '7.28.6' ],
30 silly audit   '@babel/traverse': [ '7.29.0' ],
30 silly audit   '@babel/types': [ '7.29.0' ],
30 silly audit   '@cloudflare/kv-asset-handler': [ '0.5.0' ],
30 silly audit   '@cloudflare/unenv-preset': [ '2.16.1' ],
30 silly audit   '@cloudflare/vite-plugin': [ '1.37.1' ],
30 silly audit   '@cloudflare/workerd-darwin-64': [ '1.20260515.1' ],
30 silly audit   '@cloudflare/workerd-darwin-arm64': [ '1.20260515.1' ],
30 silly audit   '@cloudflare/workerd-linux-64': [ '1.20260515.1' ],
30 silly audit   '@cloudflare/workerd-linux-arm64': [ '1.20260515.1' ],
30 silly audit   '@cloudflare/workerd-windows-64': [ '1.20260515.1' ],
30 silly audit   '@cspotcode/source-map-support': [ '0.8.1' ],
30 silly audit   '@jridgewell/trace-mapping': [ '0.3.9', '0.3.31' ],
30 silly audit   '@drizzle-team/brocli': [ '0.10.2' ],
30 silly audit   '@emnapi/core': [ '1.10.0', '1.8.1' ],
30 silly audit   '@emnapi/runtime': [ '1.10.0', '1.8.1' ],
30 silly audit   '@emnapi/wasi-threads': [ '1.2.1', '1.1.0' ],
30 silly audit   '@esbuild-kit/core-utils': [ '3.3.2' ],
30 silly audit   '@esbuild/android-arm': [ '0.18.20', '0.28.0', '0.25.12', '0.27.3' ],
30 silly audit   '@esbuild/android-arm64': [ '0.18.20', '0.28.0', '0.25.12', '0.27.3' ],
30 silly audit   '@esbuild/android-x64': [ '0.18.20', '0.28.0', '0.25.12', '0.27.3' ],
30 silly audit   '@esbuild/darwin-arm64': [ '0.18.20', '0.28.0', '0.25.12', '0.27.3' ],
30 silly audit   '@esbuild/darwin-x64': [ '0.18.20', '0.28.0', '0.25.12', '0.27.3' ],
30 silly audit   '@esbuild/freebsd-arm64': [ '0.18.20', '0.28.0', '0.25.12', '0.27.3' ],
30 silly audit   '@esbuild/freebsd-x64': [ '0.18.20', '0.28.0', '0.25.12', '0.27.3' ],
30 silly audit   '@esbuild/linux-arm': [ '0.18.20', '0.28.0', '0.25.12', '0.27.3' ],
30 silly audit   '@esbuild/linux-arm64': [ '0.18.20', '0.28.0', '0.25.12', '0.27.3' ],
30 silly audit   '@esbuild/linux-ia32': [ '0.18.20', '0.28.0', '0.25.12', '0.27.3' ],
30 silly audit   '@esbuild/linux-loong64': [ '0.18.20', '0.28.0', '0.25.12', '0.27.3' ],
30 silly audit   '@esbuild/linux-mips64el': [ '0.18.20', '0.28.0', '0.25.12', '0.27.3' ],
30 silly audit   '@esbuild/linux-ppc64': [ '0.18.20', '0.28.0', '0.25.12', '0.27.3' ],
30 silly audit   '@esbuild/linux-riscv64': [ '0.18.20', '0.28.0', '0.25.12', '0.27.3' ],
30 silly audit   '@esbuild/linux-s390x': [ '0.18.20', '0.28.0', '0.25.12', '0.27.3' ],
30 silly audit   '@esbuild/linux-x64': [ '0.18.20', '0.28.0', '0.25.12', '0.27.3' ],
30 silly audit   '@esbuild/netbsd-x64': [ '0.18.20', '0.28.0', '0.25.12', '0.27.3' ],
30 silly audit   '@esbuild/openbsd-x64': [ '0.18.20', '0.28.0', '0.25.12', '0.27.3' ],
30 silly audit   '@esbuild/sunos-x64': [ '0.18.20', '0.28.0', '0.25.12', '0.27.3' ],
30 silly audit   '@esbuild/win32-arm64': [ '0.18.20', '0.28.0', '0.25.12', '0.27.3' ],
30 silly audit   '@esbuild/win32-ia32': [ '0.18.20', '0.28.0', '0.25.12', '0.27.3' ],
30 silly audit   '@esbuild/win32-x64': [ '0.18.20', '0.28.0', '0.25.12', '0.27.3' ],
30 silly audit   esbuild: [ '0.18.20', '0.25.12', '0.28.0', '0.27.3' ],
30 silly audit   '@esbuild-kit/esm-loader': [ '2.6.5' ],
30 silly audit   '@esbuild/aix-ppc64': [ '0.28.0', '0.25.12', '0.27.3' ],
30 silly audit   '@esbuild/netbsd-arm64': [ '0.28.0', '0.25.12', '0.27.3' ],
30 silly audit   '@esbuild/openbsd-arm64': [ '0.28.0', '0.25.12', '0.27.3' ],
30 silly audit   '@esbuild/openharmony-arm64': [ '0.28.0', '0.25.12', '0.27.3' ],
30 silly audit   '@eslint-community/eslint-utils': [ '4.9.1' ],
30 silly audit   'eslint-visitor-keys': [ '3.4.3', '5.0.1', '4.2.1' ],
30 silly audit   '@eslint-community/regexpp': [ '4.12.2' ],
30 silly audit   '@eslint/config-array': [ '0.21.2' ],
30 silly audit   '@eslint/config-helpers': [ '0.4.2' ],
30 silly audit   '@eslint/core': [ '0.17.0' ],
30 silly audit   '@eslint/eslintrc': [ '3.3.5' ],
30 silly audit   '@eslint/js': [ '9.39.4' ],
30 silly audit   '@eslint/object-schema': [ '2.1.7' ],
30 silly audit   '@eslint/plugin-kit': [ '0.4.1' ],
30 silly audit   '@humanfs/core': [ '0.19.2' ],
30 silly audit   '@humanfs/node': [ '0.16.8' ],
30 silly audit   '@humanfs/types': [ '0.15.0' ],
30 silly audit   '@humanwhocodes/module-importer': [ '1.0.1' ],
30 silly audit   '@humanwhocodes/retry': [ '0.4.3' ],
30 silly audit   '@img/colour': [ '1.1.0' ],
30 silly audit   '@img/sharp-darwin-arm64': [ '0.34.5' ],
30 silly audit   '@img/sharp-darwin-x64': [ '0.34.5' ],
30 silly audit   '@img/sharp-libvips-darwin-arm64': [ '1.2.4' ],
30 silly audit   '@img/sharp-libvips-darwin-x64': [ '1.2.4' ],
30 silly audit   '@img/sharp-libvips-linux-arm': [ '1.2.4' ],
30 silly audit   '@img/sharp-libvips-linux-arm64': [ '1.2.4' ],
30 silly audit   '@img/sharp-libvips-linux-ppc64': [ '1.2.4' ],
30 silly audit   '@img/sharp-libvips-linux-riscv64': [ '1.2.4' ],
30 silly audit   '@img/sharp-libvips-linux-s390x': [ '1.2.4' ],
30 silly audit   '@img/sharp-libvips-linux-x64': [ '1.2.4' ],
30 silly audit   '@img/sharp-libvips-linuxmusl-arm64': [ '1.2.4' ],
30 silly audit   '@img/sharp-libvips-linuxmusl-x64': [ '1.2.4' ],
30 silly audit   '@img/sharp-linux-arm': [ '0.34.5' ],
30 silly audit   '@img/sharp-linux-arm64': [ '0.34.5' ],
30 silly audit   '@img/sharp-linux-ppc64': [ '0.34.5' ],
30 silly audit   '@img/sharp-linux-riscv64': [ '0.34.5' ],
30 silly audit   '@img/sharp-linux-s390x': [ '0.34.5' ],
30 silly audit   '@img/sharp-linux-x64': [ '0.34.5' ],
30 silly audit   '@img/sharp-linuxmusl-arm64': [ '0.34.5' ],
30 silly audit   '@img/sharp-linuxmusl-x64': [ '0.34.5' ],
30 silly audit   '@img/sharp-wasm32': [ '0.34.5' ],
30 silly audit   '@img/sharp-win32-arm64': [ '0.34.5' ],
30 silly audit   '@img/sharp-win32-ia32': [ '0.34.5' ],
30 silly audit   '@img/sharp-win32-x64': [ '0.34.5' ],
30 silly audit   '@jridgewell/gen-mapping': [ '0.3.13' ],
30 silly audit   '@jridgewell/remapping': [ '2.3.5' ],
30 silly audit   '@jridgewell/resolve-uri': [ '3.1.2' ],
30 silly audit   '@jridgewell/source-map': [ '0.3.11' ],
30 silly audit   '@jridgewell/sourcemap-codec': [ '1.5.5' ],
30 silly audit   '@napi-rs/wasm-runtime': [ '0.2.12', '1.1.4', '1.1.1' ],
30 silly audit   '@next/env': [ '16.2.6' ],
30 silly audit   '@next/eslint-plugin-next': [ '16.2.6' ],
30 silly audit   '@next/swc-darwin-arm64': [ '16.2.6' ],
30 silly audit   '@next/swc-darwin-x64': [ '16.2.6' ],
30 silly audit   '@next/swc-linux-arm64-gnu': [ '16.2.6' ],
30 silly audit   '@next/swc-linux-arm64-musl': [ '16.2.6' ],
30 silly audit   '@next/swc-linux-x64-gnu': [ '16.2.6' ],
30 silly audit   '@next/swc-linux-x64-musl': [ '16.2.6' ],
30 silly audit   '@next/swc-win32-arm64-msvc': [ '16.2.6' ],
30 silly audit   '@next/swc-win32-x64-msvc': [ '16.2.6' ],
30 silly audit   '@nodelib/fs.scandir': [ '2.1.5' ],
30 silly audit   '@nodelib/fs.stat': [ '2.0.5' ],
30 silly audit   '@nodelib/fs.walk': [ '1.2.8' ],
30 silly audit   '@nolyfill/is-core-module': [ '1.0.39' ],
30 silly audit   '@oxc-project/types': [ '0.130.0' ],
30 silly audit   '@poppinss/colors': [ '4.1.6' ],
30 silly audit   '@poppinss/dumper': [ '0.6.5' ],
30 silly audit   'supports-color': [ '10.2.2', '8.1.1', '7.2.0' ],
30 silly audit   '@poppinss/exception': [ '1.2.3' ],
30 silly audit   '@resvg/resvg-wasm': [ '2.4.0' ],
30 silly audit   '@rolldown/binding-android-arm64': [ '1.0.1' ],
30 silly audit   '@rolldown/binding-darwin-arm64': [ '1.0.1' ],
30 silly audit   '@rolldown/binding-darwin-x64': [ '1.0.1' ],
30 silly audit   '@rolldown/binding-freebsd-x64': [ '1.0.1' ],
30 silly audit   '@rolldown/binding-linux-arm-gnueabihf': [ '1.0.1' ],
30 silly audit   '@rolldown/binding-linux-arm64-gnu': [ '1.0.1' ],
30 silly audit   '@rolldown/binding-linux-arm64-musl': [ '1.0.1' ],
30 silly audit   '@rolldown/binding-linux-ppc64-gnu': [ '1.0.1' ],
30 silly audit   '@rolldown/binding-linux-s390x-gnu': [ '1.0.1' ],
30 silly audit   '@rolldown/binding-linux-x64-gnu': [ '1.0.1' ],
30 silly audit   '@rolldown/binding-linux-x64-musl': [ '1.0.1' ],
30 silly audit   '@rolldown/binding-openharmony-arm64': [ '1.0.1' ],
30 silly audit   '@rolldown/binding-wasm32-wasi': [ '1.0.1' ],
30 silly audit   '@rolldown/binding-win32-arm64-msvc': [ '1.0.1' ],
30 silly audit   '@rolldown/binding-win32-x64-msvc': [ '1.0.1' ],
30 silly audit   '@rolldown/pluginutils': [ '1.0.1', '1.0.0-rc.18' ],
30 silly audit   '@rtsao/scc': [ '1.1.0' ],
30 silly audit   '@shuding/opentype.js': [ '1.4.0-beta.0' ],
30 silly audit   '@sindresorhus/is': [ '7.2.0' ],
30 silly audit   '@speed-highlight/core': [ '1.2.15' ],
30 silly audit   '@swc/helpers': [ '0.5.15' ],
30 silly audit   '@tailwindcss/node': [ '4.2.1' ],
30 silly audit   '@tailwindcss/oxide': [ '4.2.1' ],
30 silly audit   '@tailwindcss/oxide-android-arm64': [ '4.2.1' ],
30 silly audit   '@tailwindcss/oxide-darwin-arm64': [ '4.2.1' ],
30 silly audit   '@tailwindcss/oxide-darwin-x64': [ '4.2.1' ],
30 silly audit   '@tailwindcss/oxide-freebsd-x64': [ '4.2.1' ],
30 silly audit   '@tailwindcss/oxide-linux-arm-gnueabihf': [ '4.2.1' ],
30 silly audit   '@tailwindcss/oxide-linux-arm64-gnu': [ '4.2.1' ],
30 silly audit   '@tailwindcss/oxide-linux-arm64-musl': [ '4.2.1' ],
30 silly audit   '@tailwindcss/oxide-linux-x64-gnu': [ '4.2.1' ],
30 silly audit   '@tailwindcss/oxide-linux-x64-musl': [ '4.2.1' ],
30 silly audit   '@tailwindcss/oxide-wasm32-wasi': [ '4.2.1' ],
30 silly audit   '@tybys/wasm-util': [ '0.10.1', '0.10.2' ],
30 silly audit   tslib: [ '2.8.1' ],
30 silly audit   '@tailwindcss/oxide-win32-arm64-msvc': [ '4.2.1' ],
30 silly audit   '@tailwindcss/oxide-win32-x64-msvc': [ '4.2.1' ],
30 silly audit   '@tailwindcss/postcss': [ '4.2.1' ],
30 silly audit   '@types/eslint': [ '9.6.1' ],
30 silly audit   '@types/eslint-scope': [ '3.7.7' ],
30 silly audit   '@types/estree': [ '1.0.9' ],
30 silly audit   '@types/json-schema': [ '7.0.15' ],
30 silly audit   '@types/json5': [ '0.0.29' ],
30 silly audit   '@types/node': [ '22.19.19' ],
30 silly audit   '@types/react': [ '19.2.14' ],
30 silly audit   '@types/react-dom': [ '19.2.3' ],
30 silly audit   '@typescript-eslint/eslint-plugin': [ '8.59.3' ],
30 silly audit   ignore: [ '7.0.5', '5.3.2' ],
30 silly audit   '@typescript-eslint/parser': [ '8.59.3' ],
30 silly audit   '@typescript-eslint/project-service': [ '8.59.3' ],
30 silly audit   '@typescript-eslint/scope-manager': [ '8.59.3' ],
30 silly audit   '@typescript-eslint/tsconfig-utils': [ '8.59.3' ],
30 silly audit   '@typescript-eslint/type-utils': [ '8.59.3' ],
30 silly audit   '@typescript-eslint/types': [ '8.59.3' ],
30 silly audit   '@typescript-eslint/typescript-estree': [ '8.59.3' ],
30 silly audit   'balanced-match': [ '4.0.4', '1.0.2' ],
30 silly audit   'brace-expansion': [ '5.0.6', '1.1.14' ],
30 silly audit   minimatch: [ '10.2.5', '3.1.5' ],
30 silly audit   semver: [ '7.8.0', '6.3.1' ],
30 silly audit   '@typescript-eslint/utils': [ '8.59.3' ],
30 silly audit   '@typescript-eslint/visitor-keys': [ '8.59.3' ],
30 silly audit   '@unpic/core': [ '1.0.3' ],
30 silly audit   '@unpic/react': [ '1.0.2' ],
30 silly audit   '@unrs/resolver-binding-android-arm-eabi': [ '1.11.1' ],
30 silly audit   '@unrs/resolver-binding-android-arm64': [ '1.11.1' ],
30 silly audit   '@unrs/resolver-binding-darwin-arm64': [ '1.11.1' ],
30 silly audit   '@unrs/resolver-binding-darwin-x64': [ '1.11.1' ],
30 silly audit   '@unrs/resolver-binding-freebsd-x64': [ '1.11.1' ],
30 silly audit   '@unrs/resolver-binding-linux-arm-gnueabihf': [ '1.11.1' ],
30 silly audit   '@unrs/resolver-binding-linux-arm-musleabihf': [ '1.11.1' ],
30 silly audit   '@unrs/resolver-binding-linux-arm64-gnu': [ '1.11.1' ],
30 silly audit   '@unrs/resolver-binding-linux-arm64-musl': [ '1.11.1' ],
30 silly audit   '@unrs/resolver-binding-linux-ppc64-gnu': [ '1.11.1' ],
30 silly audit   '@unrs/resolver-binding-linux-riscv64-gnu': [ '1.11.1' ],
30 silly audit   '@unrs/resolver-binding-linux-riscv64-musl': [ '1.11.1' ],
30 silly audit   '@unrs/resolver-binding-linux-s390x-gnu': [ '1.11.1' ],
30 silly audit   '@unrs/resolver-binding-linux-x64-gnu': [ '1.11.1' ],
30 silly audit   '@unrs/resolver-binding-linux-x64-musl': [ '1.11.1' ],
30 silly audit   '@unrs/resolver-binding-wasm32-wasi': [ '1.11.1' ],
30 silly audit   '@unrs/resolver-binding-win32-arm64-msvc': [ '1.11.1' ],
30 silly audit   '@unrs/resolver-binding-win32-ia32-msvc': [ '1.11.1' ],
30 silly audit   '@unrs/resolver-binding-win32-x64-msvc': [ '1.11.1' ],
30 silly audit   '@vercel/og': [ '0.8.6' ],
30 silly audit   '@vitejs/plugin-react': [ '6.0.2' ],
30 silly audit   '@vitejs/plugin-rsc': [ '0.5.26' ],
30 silly audit   '@webassemblyjs/ast': [ '1.14.1' ],
30 silly audit   '@webassemblyjs/floating-point-hex-parser': [ '1.13.2' ],
30 silly audit   '@webassemblyjs/helper-api-error': [ '1.13.2' ],
30 silly audit   '@webassemblyjs/helper-buffer': [ '1.14.1' ],
30 silly audit   '@webassemblyjs/helper-numbers': [ '1.13.2' ],
30 silly audit   '@webassemblyjs/helper-wasm-bytecode': [ '1.13.2' ],
30 silly audit   '@webassemblyjs/helper-wasm-section': [ '1.14.1' ],
30 silly audit   '@webassemblyjs/ieee754': [ '1.13.2' ],
30 silly audit   '@webassemblyjs/leb128': [ '1.13.2' ],
30 silly audit   '@webassemblyjs/utf8': [ '1.13.2' ],
30 silly audit   '@webassemblyjs/wasm-edit': [ '1.14.1' ],
30 silly audit   '@webassemblyjs/wasm-gen': [ '1.14.1' ],
30 silly audit   '@webassemblyjs/wasm-opt': [ '1.14.1' ],
30 silly audit   '@webassemblyjs/wasm-parser': [ '1.14.1' ],
30 silly audit   '@webassemblyjs/wast-printer': [ '1.14.1' ],
30 silly audit   '@xtuc/ieee754': [ '1.2.0' ],
30 silly audit   '@xtuc/long': [ '4.2.2' ],
30 silly audit   acorn: [ '8.16.0' ],
30 silly audit   'acorn-import-phases': [ '1.0.4' ],
30 silly audit   'acorn-jsx': [ '5.3.2' ],
30 silly audit   'acorn-loose': [ '8.5.2' ],
30 silly audit   ajv: [ '6.15.0', '8.20.0' ],
30 silly audit   'ajv-formats': [ '2.1.1' ],
30 silly audit   'json-schema-traverse': [ '1.0.0', '0.4.1' ],
30 silly audit   'ansi-styles': [ '4.3.0' ],
30 silly audit   argparse: [ '2.0.1' ],
30 silly audit   'aria-query': [ '5.3.2' ],
30 silly audit   'array-buffer-byte-length': [ '1.0.2' ],
30 silly audit   'array-includes': [ '3.1.9' ],
30 silly audit   'array.prototype.findlast': [ '1.2.5' ],
30 silly audit   'array.prototype.findlastindex': [ '1.2.6' ],
30 silly audit   'array.prototype.flat': [ '1.3.3' ],
30 silly audit   'array.prototype.flatmap': [ '1.3.3' ],
30 silly audit   'array.prototype.tosorted': [ '1.1.4' ],
30 silly audit   'arraybuffer.prototype.slice': [ '1.0.4' ],
30 silly audit   'ast-types-flow': [ '0.0.8' ],
30 silly audit   'async-function': [ '1.0.0' ],
30 silly audit   'available-typed-arrays': [ '1.0.7' ],
30 silly audit   'axe-core': [ '4.11.4' ],
30 silly audit   'axobject-query': [ '4.1.0' ],
30 silly audit   'base64-js': [ '0.0.8' ],
30 silly audit   'baseline-browser-mapping': [ '2.10.30' ],
30 silly audit   'blake3-wasm': [ '2.1.5' ],
30 silly audit   braces: [ '3.0.3' ],
30 silly audit   browserslist: [ '4.28.2' ],
30 silly audit   'buffer-from': [ '1.1.2' ],
30 silly audit   'call-bind': [ '1.0.9' ],
30 silly audit   'call-bind-apply-helpers': [ '1.0.2' ],
30 silly audit   'call-bound': [ '1.0.4' ],
30 silly audit   callsites: [ '3.1.0' ],
30 silly audit   camelize: [ '1.0.1' ],
30 silly audit   'caniuse-lite': [ '1.0.30001793' ],
30 silly audit   chalk: [ '4.1.2' ],
30 silly audit   'chrome-trace-event': [ '1.0.4' ],
30 silly audit   'client-only': [ '0.0.1' ],
30 silly audit   'color-convert': [ '2.0.1' ],
30 silly audit   'color-name': [ '1.1.4' ],
30 silly audit   commander: [ '2.20.3' ],
30 silly audit   'concat-map': [ '0.0.1' ],
30 silly audit   'convert-source-map': [ '2.0.0' ],
30 silly audit   cookie: [ '1.1.1' ],
30 silly audit   'cross-spawn': [ '7.0.6' ],
30 silly audit   'css-background-parser': [ '0.1.0' ],
30 silly audit   'css-box-shadow': [ '1.0.0-3' ],
30 silly audit   'css-color-keywords': [ '1.0.0' ],
30 silly audit   'css-gradient-parser': [ '0.0.16' ],
30 silly audit   'css-to-react-native': [ '3.2.0' ],
30 silly audit   csstype: [ '3.2.3' ],
30 silly audit   'damerau-levenshtein': [ '1.0.8' ],
30 silly audit   'data-view-buffer': [ '1.0.2' ],
30 silly audit   'data-view-byte-length': [ '1.0.2' ],
30 silly audit   'data-view-byte-offset': [ '1.0.1' ],
30 silly audit   debug: [ '4.4.3', '3.2.7' ],
30 silly audit   'deep-is': [ '0.1.4' ],
30 silly audit   'define-data-property': [ '1.1.4' ],
30 silly audit   'define-properties': [ '1.2.1' ],
30 silly audit   'detect-libc': [ '2.1.2' ],
30 silly audit   doctrine: [ '2.1.0' ],
30 silly audit   'drizzle-kit': [ '0.31.10' ],
30 silly audit   'drizzle-orm': [ '0.45.2' ],
30 silly audit   'dunder-proto': [ '1.0.1' ],
30 silly audit   'electron-to-chromium': [ '1.5.358' ],
30 silly audit   'emoji-regex': [ '9.2.2' ],
30 silly audit   'emoji-regex-xs': [ '2.0.1' ],
30 silly audit   'enhanced-resolve': [ '5.21.3' ],
30 silly audit   'error-stack-parser-es': [ '1.0.5' ],
30 silly audit   'es-abstract': [ '1.24.2' ],
30 silly audit   'es-define-property': [ '1.0.1' ],
30 silly audit   'es-errors': [ '1.3.0' ],
30 silly audit   'es-iterator-helpers': [ '1.3.2' ],
30 silly audit   'es-module-lexer': [ '2.1.0', '1.7.0' ],
30 silly audit   'es-object-atoms': [ '1.1.1' ],
30 silly audit   'es-set-tostringtag': [ '2.1.0' ],
30 silly audit   'es-shim-unscopables': [ '1.1.0' ],
30 silly audit   'es-to-primitive': [ '1.3.0' ],
30 silly audit   escalade: [ '3.2.0' ],
30 silly audit   'escape-html': [ '1.0.3' ],
30 silly audit   'escape-string-regexp': [ '4.0.0' ],
30 silly audit   eslint: [ '9.39.4' ],
30 silly audit   'eslint-config-next': [ '16.2.6' ],
30 silly audit   globals: [ '16.4.0', '14.0.0' ],
30 silly audit   'eslint-import-resolver-node': [ '0.3.10' ],
30 silly audit   'eslint-import-resolver-typescript': [ '3.10.1' ],
30 silly audit   'eslint-module-utils': [ '2.12.1' ],
30 silly audit   'eslint-plugin-import': [ '2.32.0' ],
30 silly audit   'eslint-plugin-jsx-a11y': [ '6.10.2' ],
30 silly audit   'eslint-plugin-react': [ '7.37.5' ],
30 silly audit   'eslint-plugin-react-hooks': [ '7.1.1' ],
30 silly audit   'eslint-scope': [ '8.4.0', '5.1.1' ],
30 silly audit   espree: [ '10.4.0' ],
30 silly audit   esquery: [ '1.7.0' ],
30 silly audit   esrecurse: [ '4.3.0' ],
30 silly audit   estraverse: [ '5.3.0', '4.3.0' ],
30 silly audit   'estree-walker': [ '3.0.3' ],
30 silly audit   esutils: [ '2.0.3' ],
30 silly audit   events: [ '3.3.0' ],
30 silly audit   'fast-deep-equal': [ '3.1.3' ],
30 silly audit   'fast-glob': [ '3.3.1', '3.3.3' ],
30 silly audit   'glob-parent': [ '5.1.2', '6.0.2' ],
30 silly audit   'fast-json-stable-stringify': [ '2.1.0' ],
30 silly audit   'fast-levenshtein': [ '2.0.6' ],
30 silly audit   'fast-uri': [ '3.1.2' ],
30 silly audit   fastq: [ '1.20.1' ],
30 silly audit   fflate: [ '0.7.4' ],
30 silly audit   'file-entry-cache': [ '8.0.0' ],
30 silly audit   'fill-range': [ '7.1.1' ],
30 silly audit   'find-up': [ '5.0.0' ],
30 silly audit   'flat-cache': [ '4.0.1' ],
30 silly audit   flatted: [ '3.4.2' ],
30 silly audit   'for-each': [ '0.3.5' ],
30 silly audit   fsevents: [ '2.3.3' ],
30 silly audit   'function-bind': [ '1.1.2' ],
30 silly audit   'function.prototype.name': [ '1.1.8' ],
30 silly audit   'functions-have-names': [ '1.2.3' ],
30 silly audit   'generator-function': [ '2.0.1' ],
30 silly audit   gensync: [ '1.0.0-beta.2' ],
30 silly audit   'get-intrinsic': [ '1.3.0' ],
30 silly audit   'get-proto': [ '1.0.1' ],
30 silly audit   'get-symbol-description': [ '1.1.0' ],
30 silly audit   'get-tsconfig': [ '4.14.0' ],
30 silly audit   'glob-to-regexp': [ '0.4.1' ],
30 silly audit   globalthis: [ '1.0.4' ],
30 silly audit   globrex: [ '0.1.2' ],
30 silly audit   gopd: [ '1.2.0' ],
30 silly audit   'graceful-fs': [ '4.2.11' ],
30 silly audit   'has-bigints': [ '1.1.0' ],
30 silly audit   'has-flag': [ '4.0.0' ],
30 silly audit   'has-property-descriptors': [ '1.0.2' ],
30 silly audit   'has-proto': [ '1.2.0' ],
30 silly audit   'has-symbols': [ '1.1.0' ],
30 silly audit   'has-tostringtag': [ '1.0.2' ],
30 silly audit   hasown: [ '2.0.3' ],
30 silly audit   'hermes-estree': [ '0.25.1' ],
30 silly audit   'hermes-parser': [ '0.25.1' ],
30 silly audit   'hex-rgb': [ '4.3.0' ],
30 silly audit   'image-size': [ '2.0.2' ],
30 silly audit   'import-fresh': [ '3.3.1' ],
30 silly audit   imurmurhash: [ '0.1.4' ],
30 silly audit   'internal-slot': [ '1.1.0' ],
30 silly audit   'ipaddr.js': [ '2.4.0' ],
30 silly audit   'is-array-buffer': [ '3.0.5' ],
30 silly audit   'is-async-function': [ '2.1.1' ],
30 silly audit   'is-bigint': [ '1.1.0' ],
30 silly audit   'is-boolean-object': [ '1.2.2' ],
30 silly audit   'is-bun-module': [ '2.0.0' ],
30 silly audit   'is-callable': [ '1.2.7' ],
30 silly audit   'is-core-module': [ '2.16.2' ],
30 silly audit   'is-data-view': [ '1.0.2' ],
30 silly audit   'is-date-object': [ '1.1.0' ],
30 silly audit   'is-extglob': [ '2.1.1' ],
30 silly audit   'is-finalizationregistry': [ '1.1.1' ],
30 silly audit   'is-generator-function': [ '1.1.2' ],
30 silly audit   'is-glob': [ '4.0.3' ],
30 silly audit   'is-map': [ '2.0.3' ],
30 silly audit   'is-negative-zero': [ '2.0.3' ],
30 silly audit   'is-number': [ '7.0.0' ],
30 silly audit   'is-number-object': [ '1.1.1' ],
30 silly audit   'is-regex': [ '1.2.1' ],
30 silly audit   'is-set': [ '2.0.3' ],
30 silly audit   'is-shared-array-buffer': [ '1.0.4' ],
30 silly audit   'is-string': [ '1.1.1' ],
30 silly audit   'is-symbol': [ '1.1.1' ],
30 silly audit   'is-typed-array': [ '1.1.15' ],
30 silly audit   'is-weakmap': [ '2.0.2' ],
30 silly audit   'is-weakref': [ '1.1.1' ],
30 silly audit   'is-weakset': [ '2.0.4' ],
30 silly audit   isarray: [ '2.0.5' ],
30 silly audit   isexe: [ '2.0.0' ],
30 silly audit   'iterator.prototype': [ '1.1.5' ],
30 silly audit   'jest-worker': [ '27.5.1' ],
30 silly audit   jiti: [ '2.7.0' ],
30 silly audit   'js-tokens': [ '4.0.0', '9.0.1' ],
30 silly audit   'js-yaml': [ '4.1.1' ],
30 silly audit   jsesc: [ '3.1.0' ],
30 silly audit   'json-buffer': [ '3.0.1' ],
30 silly audit   'json-stable-stringify-without-jsonify': [ '1.0.1' ],
30 silly audit   json5: [ '2.2.3', '1.0.2' ],
30 silly audit   'jsx-ast-utils': [ '3.3.5' ],
30 silly audit   keyv: [ '4.5.4' ],
30 silly audit   kleur: [ '4.1.5' ],
30 silly audit   'language-subtag-registry': [ '0.3.23' ],
30 silly audit   'language-tags': [ '1.0.9' ],
30 silly audit   levn: [ '0.4.1' ],
30 silly audit   lightningcss: [ '1.31.1', '1.32.0' ],
30 silly audit   'lightningcss-android-arm64': [ '1.31.1', '1.32.0' ],
30 silly audit   'lightningcss-darwin-arm64': [ '1.31.1', '1.32.0' ],
30 silly audit   'lightningcss-darwin-x64': [ '1.31.1', '1.32.0' ],
30 silly audit   'lightningcss-freebsd-x64': [ '1.31.1', '1.32.0' ],
30 silly audit   'lightningcss-linux-arm-gnueabihf': [ '1.31.1', '1.32.0' ],
30 silly audit   'lightningcss-linux-arm64-gnu': [ '1.31.1', '1.32.0' ],
30 silly audit   'lightningcss-linux-arm64-musl': [ '1.31.1', '1.32.0' ],
30 silly audit   'lightningcss-linux-x64-gnu': [ '1.31.1', '1.32.0' ],
30 silly audit   'lightningcss-linux-x64-musl': [ '1.31.1', '1.32.0' ],
30 silly audit   'lightningcss-win32-arm64-msvc': [ '1.31.1', '1.32.0' ],
30 silly audit   'lightningcss-win32-x64-msvc': [ '1.31.1', '1.32.0' ],
30 silly audit   linebreak: [ '1.1.0' ],
30 silly audit   'loader-runner': [ '4.3.2' ],
30 silly audit   'locate-path': [ '6.0.0' ],
30 silly audit   'lodash.merge': [ '4.6.2' ],
30 silly audit   'loose-envify': [ '1.4.0' ],
30 silly audit   'lru-cache': [ '5.1.1' ],
30 silly audit   'magic-string': [ '0.30.21' ],
30 silly audit   'math-intrinsics': [ '1.1.0' ],
30 silly audit   'merge-stream': [ '2.0.0' ],
30 silly audit   merge2: [ '1.4.1' ],
30 silly audit   micromatch: [ '4.0.8' ],
30 silly audit   'mime-db': [ '1.54.0' ],
30 silly audit   miniflare: [ '4.20260515.0' ],
30 silly audit   minimist: [ '1.2.8' ],
30 silly audit   ms: [ '2.1.3' ],
30 silly audit   nanoid: [ '3.3.12' ],
30 silly audit   'napi-postinstall': [ '0.3.4' ],
30 silly audit   'natural-compare': [ '1.4.0' ],
30 silly audit   'neo-async': [ '2.6.2' ],
30 silly audit   next: [ '16.2.6' ],
30 silly audit   postcss: [ '8.4.31', '8.5.14' ],
30 silly audit   'node-exports-info': [ '1.6.0' ],
30 silly audit   'node-releases': [ '2.0.44' ],
30 silly audit   'object-assign': [ '4.1.1' ],
30 silly audit   'object-inspect': [ '1.13.4' ],
30 silly audit   'object-keys': [ '1.1.1' ],
30 silly audit   'object.assign': [ '4.1.7' ],
30 silly audit   'object.entries': [ '1.1.9' ],
30 silly audit   'object.fromentries': [ '2.0.8' ],
30 silly audit   'object.groupby': [ '1.0.3' ],
30 silly audit   'object.values': [ '1.2.1' ],
30 silly audit   optionator: [ '0.9.4' ],
30 silly audit   'own-keys': [ '1.0.1' ],
30 silly audit   'p-limit': [ '3.1.0' ],
30 silly audit   'p-locate': [ '5.0.0' ],
30 silly audit   pako: [ '0.2.9' ],
30 silly audit   'parent-module': [ '1.0.1' ],
30 silly audit   'parse-css-color': [ '0.2.1' ],
30 silly audit   'path-exists': [ '4.0.0' ],
30 silly audit   'path-key': [ '3.1.1' ],
30 silly audit   'path-parse': [ '1.0.7' ],
30 silly audit   'path-to-regexp': [ '6.3.0' ],
30 silly audit   pathe: [ '2.0.3' ],
30 silly audit   picocolors: [ '1.1.1' ],
30 silly audit   picomatch: [ '2.3.2', '4.0.4' ],
30 silly audit   'possible-typed-array-names': [ '1.1.0' ],
30 silly audit   'postcss-value-parser': [ '4.2.0' ],
30 silly audit   'prelude-ls': [ '1.2.1' ],
30 silly audit   'prop-types': [ '15.8.1' ],
30 silly audit   punycode: [ '2.3.1' ],
30 silly audit   'queue-microtask': [ '1.2.3' ],
30 silly audit   react: [ '19.2.6' ],
30 silly audit   'react-dom': [ '19.2.6' ],
30 silly audit   'react-is': [ '16.13.1' ],
30 silly audit   'react-server-dom-webpack': [ '19.2.6' ],
30 silly audit   'reflect.getprototypeof': [ '1.0.10' ],
30 silly audit   'regexp.prototype.flags': [ '1.5.4' ],
30 silly audit   'require-from-string': [ '2.0.2' ],
30 silly audit   resolve: [ '2.0.0-next.7' ],
30 silly audit   'resolve-from': [ '4.0.0' ],
30 silly audit   'resolve-pkg-maps': [ '1.0.0' ],
30 silly audit   reusify: [ '1.1.0' ],
30 silly audit   rolldown: [ '1.0.1' ],
30 silly audit   'run-parallel': [ '1.2.0' ],
30 silly audit   'safe-array-concat': [ '1.1.4' ],
30 silly audit   'safe-push-apply': [ '1.0.0' ],
30 silly audit   'safe-regex-test': [ '1.1.0' ],
30 silly audit   satori: [ '0.16.0' ],
30 silly audit   scheduler: [ '0.27.0' ],
30 silly audit   'schema-utils': [ '4.3.3' ],
30 silly audit   'ajv-keywords': [ '5.1.0' ],
30 silly audit   'set-function-length': [ '1.2.2' ],
30 silly audit   'set-function-name': [ '2.0.2' ],
30 silly audit   'set-proto': [ '1.0.0' ],
30 silly audit   sharp: [ '0.34.5' ],
30 silly audit   'shebang-command': [ '2.0.0' ],
30 silly audit   'shebang-regex': [ '3.0.0' ],
30 silly audit   'side-channel': [ '1.1.0' ],
30 silly audit   'side-channel-list': [ '1.0.1' ],
30 silly audit   'side-channel-map': [ '1.0.1' ],
30 silly audit   'side-channel-weakmap': [ '1.0.2' ],
30 silly audit   'source-map': [ '0.6.1' ],
30 silly audit   'source-map-js': [ '1.2.1' ],
30 silly audit   'source-map-support': [ '0.5.21' ],
30 silly audit   srvx: [ '0.11.15' ],
30 silly audit   'stable-hash': [ '0.0.5' ],
30 silly audit   'stop-iteration-iterator': [ '1.1.0' ],
30 silly audit   'string.prototype.codepointat': [ '0.2.1' ],
30 silly audit   'string.prototype.includes': [ '2.0.1' ],
30 silly audit   'string.prototype.matchall': [ '4.0.12' ],
30 silly audit   'string.prototype.repeat': [ '1.0.0' ],
30 silly audit   'string.prototype.trim': [ '1.2.10' ],
30 silly audit   'string.prototype.trimend': [ '1.0.9' ],
30 silly audit   'string.prototype.trimstart': [ '1.0.8' ],
30 silly audit   'strip-bom': [ '3.0.0' ],
30 silly audit   'strip-json-comments': [ '3.1.1' ],
30 silly audit   'strip-literal': [ '3.1.0' ],
30 silly audit   'styled-jsx': [ '5.1.6' ],
30 silly audit   'supports-preserve-symlinks-flag': [ '1.0.0' ],
30 silly audit   tailwindcss: [ '4.2.1' ],
30 silly audit   tapable: [ '2.3.3' ],
30 silly audit   terser: [ '5.47.1' ],
30 silly audit   'terser-webpack-plugin': [ '5.6.0' ],
30 silly audit   'tiny-inflate': [ '1.0.3' ],
30 silly audit   tinyglobby: [ '0.2.16' ],
30 silly audit   fdir: [ '6.5.0' ],
30 silly audit   'to-regex-range': [ '5.0.1' ],
30 silly audit   'ts-api-utils': [ '2.5.0' ],
30 silly audit   tsconfck: [ '3.1.6' ],
30 silly audit   'tsconfig-paths': [ '3.15.0' ],
30 silly audit   tsx: [ '4.22.1' ],
30 silly audit   'turbo-stream': [ '3.2.0' ],
30 silly audit   'type-check': [ '0.4.0' ],
30 silly audit   'typed-array-buffer': [ '1.0.3' ],
30 silly audit   'typed-array-byte-length': [ '1.0.3' ],
30 silly audit   'typed-array-byte-offset': [ '1.0.4' ],
30 silly audit   'typed-array-length': [ '1.0.7' ],
30 silly audit   typescript: [ '5.9.3' ],
30 silly audit   'typescript-eslint': [ '8.59.3' ],
30 silly audit   'unbox-primitive': [ '1.1.0' ],
30 silly audit   undici: [ '7.24.8' ],
30 silly audit   'undici-types': [ '6.21.0' ],
30 silly audit   unenv: [ '2.0.0-rc.24' ],
30 silly audit   'unicode-trie': [ '2.0.0' ],
30 silly audit   unpic: [ '4.2.2' ],
30 silly audit   'unrs-resolver': [ '1.11.1' ],
30 silly audit   'update-browserslist-db': [ '1.2.3' ],
30 silly audit   'uri-js': [ '4.4.1' ],
30 silly audit   vinext: [ '0.0.50' ],
30 silly audit   vite: [ '8.0.13' ],
30 silly audit   'vite-plugin-commonjs': [ '0.10.4' ],
30 silly audit   'vite-plugin-dynamic-import': [ '1.6.0' ],
30 silly audit   'vite-tsconfig-paths': [ '6.1.1' ],
30 silly audit   vitefu: [ '1.1.3' ],
30 silly audit   watchpack: [ '2.5.1' ],
30 silly audit   'web-vitals': [ '4.2.4' ],
30 silly audit   webpack: [ '5.106.2' ],
30 silly audit   'webpack-sources': [ '3.4.1' ],
30 silly audit   which: [ '2.0.2' ],
30 silly audit   'which-boxed-primitive': [ '1.1.1' ],
30 silly audit   'which-builtin-type': [ '1.2.1' ],
30 silly audit   'which-collection': [ '1.0.2' ],
30 silly audit   'which-typed-array': [ '1.1.20' ],
30 silly audit   'word-wrap': [ '1.2.5' ],
30 silly audit   workerd: [ '1.20260515.1' ],
30 silly audit   wrangler: [ '4.92.0' ],
30 silly audit   ws: [ '8.18.0' ],
30 silly audit   yallist: [ '3.1.1' ],
30 silly audit   'yocto-queue': [ '0.1.0' ],
30 silly audit   'yoga-layout': [ '3.2.1' ],
30 silly audit   youch: [ '4.1.0-beta.10' ],
30 silly audit   'youch-core': [ '0.3.3' ],
30 silly audit   zod: [ '4.4.3' ],
30 silly audit   'zod-validation-error': [ '4.0.2' ],
30 silly audit   appwrite: [ '26.2.0' ],
30 silly audit   'json-bigint': [ '1.0.0' ],
30 silly audit   'bignumber.js': [ '9.3.1' ]
30 silly audit }
31 http cache appwrite@https://registry.npmjs.org/appwrite/-/appwrite-26.2.0.tgz 0ms (cache hit)
32 http cache bignumber.js@https://registry.npmjs.org/bignumber.js/-/bignumber.js-9.3.1.tgz 0ms (cache hit)
33 http cache json-bigint@https://registry.npmjs.org/json-bigint/-/json-bigint-1.0.0.tgz 0ms (cache hit)
34 silly tarball no local data for appwrite@https://registry.npmjs.org/appwrite/-/appwrite-26.2.0.tgz. Extracting by manifest.
35 silly tarball no local data for bignumber.js@https://registry.npmjs.org/bignumber.js/-/bignumber.js-9.3.1.tgz. Extracting by manifest.
36 silly tarball no local data for json-bigint@https://registry.npmjs.org/json-bigint/-/json-bigint-1.0.0.tgz. Extracting by manifest.
37 http fetch GET 200 https://registry.npmjs.org/npm 1483ms
38 http fetch POST 200 https://registry.npmjs.org/-/npm/v1/security/advisories/bulk 331ms
39 silly audit report {
39 silly audit report   '@babel/core': [
39 silly audit report     {
39 silly audit report       id: 1123528,
39 silly audit report       url: 'https://github.com/advisories/GHSA-4x5r-pxfx-6jf8',
39 silly audit report       title: '@babel/core: Arbitrary File Read via sourceMappingURL Comment',
39 silly audit report       severity: 'low',
39 silly audit report       vulnerable_versions: '<=7.29.0',
39 silly audit report       cwe: [Array],
39 silly audit report       cvss: [Object]
39 silly audit report     }
39 silly audit report   ],
39 silly audit report   esbuild: [
39 silly audit report     {
39 silly audit report       id: 1102341,
39 silly audit report       url: 'https://github.com/advisories/GHSA-67mh-4wv8-2f99',
39 silly audit report       title: 'esbuild enables any website to send any requests to the development server and read the response',
39 silly audit report       severity: 'moderate',
39 silly audit report       vulnerable_versions: '<=0.24.2',
39 silly audit report       cwe: [Array],
39 silly audit report       cvss: [Object]
39 silly audit report     },
39 silly audit report     {
39 silly audit report       id: 1120680,
39 silly audit report       url: 'https://github.com/advisories/GHSA-g7r4-m6w7-qqqr',
39 silly audit report       title: 'esbuild allows arbitrary file read when running the development server on Windows',
39 silly audit report       severity: 'low',
39 silly audit report       vulnerable_versions: '>=0.27.3 <0.28.1',
39 silly audit report       cwe: [Array],
39 silly audit report       cvss: [Object]
39 silly audit report     }
39 silly audit report   ],
39 silly audit report   'brace-expansion': [
39 silly audit report     {
39 silly audit report       id: 1123897,
39 silly audit report       url: 'https://github.com/advisories/GHSA-3jxr-9vmj-r5cp',
39 silly audit report       title: 'brace-expansion: DoS via exponential-time expansion of consecutive non-expanding {} groups',
39 silly audit report       severity: 'high',
39 silly audit report       vulnerable_versions: '<1.1.16',
39 silly audit report       cwe: [Array],
39 silly audit report       cvss: [Object]
39 silly audit report     },
39 silly audit report     {
39 silly audit report       id: 1123898,
39 silly audit report       url: 'https://github.com/advisories/GHSA-3jxr-9vmj-r5cp',
39 silly audit report       title: 'brace-expansion: DoS via exponential-time expansion of consecutive non-expanding {} groups',
39 silly audit report       severity: 'high',
39 silly audit report       vulnerable_versions: '>=3.0.0 <5.0.7',
39 silly audit report       cwe: [Array],
39 silly audit report       cvss: [Object]
39 silly audit report     }
39 silly audit report   ],
39 silly audit report   'fast-uri': [
39 silly audit report     {
39 silly audit report       id: 1124064,
39 silly audit report       url: 'https://github.com/advisories/GHSA-v2hh-gcrm-f6hx',
39 silly audit report       title: 'fast-uri vulnerable to host confusion via literal backslash authority delimiter',
39 silly audit report       severity: 'high',
39 silly audit report       vulnerable_versions: '>=3.0.0 <=3.1.3',
39 silly audit report       cwe: [Array],
39 silly audit report       cvss: [Object]
39 silly audit report     },
39 silly audit report     {
39 silly audit report       id: 1124073,
39 silly audit report       url: 'https://github.com/advisories/GHSA-4c8g-83qw-93j6',
39 silly audit report       title: 'fast-uri vulnerable to host confusion via failed IDN canonicalization',
39 silly audit report       severity: 'high',
39 silly audit report       vulnerable_versions: '>=3.0.0 <3.1.3',
39 silly audit report       cwe: [Array],
39 silly audit report       cvss: [Object]
39 silly audit report     }
39 silly audit report   ],
39 silly audit report   'js-yaml': [
39 silly audit report     {
39 silly audit report       id: 1121860,
39 silly audit report       url: 'https://github.com/advisories/GHSA-h67p-54hq-rp68',
39 silly audit report       title: 'JS-YAML: Quadratic-complexity DoS in merge key handling via repeated aliases',
39 silly audit report       severity: 'moderate',
39 silly audit report       vulnerable_versions: '>=4.0.0 <=4.1.1',
39 silly audit report       cwe: [Array],
39 silly audit report       cvss: [Object]
39 silly audit report     },
39 silly audit report     {
39 silly audit report       id: 1123911,
39 silly audit report       url: 'https://github.com/advisories/GHSA-52cp-r559-cp3m',
39 silly audit report       title: 'js-yaml: YAML merge-key chains can force quadratic CPU consumption',
39 silly audit report       severity: 'high',
39 silly audit report       vulnerable_versions: '>=4.0.0 <4.3.0',
39 silly audit report       cwe: [Array],
39 silly audit report       cvss: [Object]
39 silly audit report     }
39 silly audit report   ],
39 silly audit report   next: [
39 silly audit report     {
39 silly audit report       id: 1124184,
39 silly audit report       url: 'https://github.com/advisories/GHSA-89xv-2m56-2m9x',
39 silly audit report       title: 'Next.js: Server-Side Request Forgery in Server Actions on custom servers',
39 silly audit report       severity: 'high',
39 silly audit report       vulnerable_versions: '>=16.0.0 <16.2.11',
39 silly audit report       cwe: [Array],
39 silly audit report       cvss: [Object]
39 silly audit report     },
39 silly audit report     {
39 silly audit report       id: 1124186,
39 silly audit report       url: 'https://github.com/advisories/GHSA-68g3-v927-f742',
39 silly audit report       title: 'Next.js: Cache confusion of response bodies for requests with bodies',
39 silly audit report       severity: 'moderate',
39 silly audit report       vulnerable_versions: '>=16.0.0 <16.2.11',
39 silly audit report       cwe: [Array],
39 silly audit report       cvss: [Object]
39 silly audit report     },
39 silly audit report     {
39 silly audit report       id: 1124170,
39 silly audit report       url: 'https://github.com/advisories/GHSA-6gpp-xcg3-4w24',
39 silly audit report       title: 'Next.js: Middleware / Proxy bypass in App Router applications using Turbopack and single locale',
39 silly audit report       severity: 'high',
39 silly audit report       vulnerable_versions: '>=16.0.0 <16.2.11',
39 silly audit report       cwe: [Array],
39 silly audit report       cvss: [Object]
39 silly audit report     },
39 silly audit report     {
39 silly audit report       id: 1124171,
39 silly audit report       url: 'https://github.com/advisories/GHSA-m99w-x7hq-7vfj',
39 silly audit report       title: 'Next.js: Denial of Service in App Router using Server Actions',
39 silly audit report       severity: 'high',
39 silly audit report       vulnerable_versions: '>=16.0.0 <16.2.11',
39 silly audit report       cwe: [Array],
39 silly audit report       cvss: [Object]
39 silly audit report     },
39 silly audit report     {
39 silly audit report       id: 1124188,
39 silly audit report       url: 'https://github.com/advisories/GHSA-4633-3j49-mh5q',
39 silly audit report       title: 'Next.js: Cache confusion of response bodies for requests with bodies containing invalid UTF-8 byte sequences',
39 silly audit report       severity: 'moderate',
39 silly audit report       vulnerable_versions: '>=16.0.0 <16.2.11',
39 silly audit report       cwe: [Array],
39 silly audit report       cvss: [Object]
39 silly audit report     },
39 silly audit report     {
39 silly audit report       id: 1124190,
39 silly audit report       url: 'https://github.com/advisories/GHSA-4c39-4ccg-62r3',
39 silly audit report       title: 'Next.js: Unbounded Server Action payload in Edge runtime',
39 silly audit report       severity: 'moderate',
39 silly audit report       vulnerable_versions: '>=16.0.0 <16.2.11',
39 silly audit report       cwe: [Array],
39 silly audit report       cvss: [Object]
39 silly audit report     },
39 silly audit report     {
39 silly audit report       id: 1124192,
39 silly audit report       url: 'https://github.com/advisories/GHSA-p9j2-gv94-2wf4',
39 silly audit report       title: 'Next.js: Server-Side Request Forgery in rewrites via attacker-controlled destination hostname',
39 silly audit report       severity: 'high',
39 silly audit report       vulnerable_versions: '>=16.0.0 <16.2.11',
39 silly audit report       cwe: [Array],
39 silly audit report       cvss: [Object]
39 silly audit report     },
39 silly audit report     {
39 silly audit report       id: 1124194,
39 silly audit report       url: 'https://github.com/advisories/GHSA-q8wf-6r8g-63ch',
39 silly audit report       title: 'Next.js: Denial of Service in the Image Optimization API using SVGs',
39 silly audit report       severity: 'moderate',
39 silly audit report       vulnerable_versions: '>=16.0.0 <16.2.11',
39 silly audit report       cwe: [Array],
39 silly audit report       cvss: [Object]
39 silly audit report     },
39 silly audit report     {
39 silly audit report       id: 1124196,
39 silly audit report       url: 'https://github.com/advisories/GHSA-955p-x3mx-jcvp',
39 silly audit report       title: 'Next.js: Unauthenticated disclosure of internal Server Function endpoints',
39 silly audit report       severity: 'moderate',
39 silly audit report       vulnerable_versions: '>=16.0.0 <16.2.11',
39 silly audit report       cwe: [Array],
39 silly audit report       cvss: [Object]
39 silly audit report     }
39 silly audit report   ],
39 silly audit report   postcss: [
39 silly audit report     {
39 silly audit report       id: 1117015,
39 silly audit report       url: 'https://github.com/advisories/GHSA-qx2v-qp2m-jg93',
39 silly audit report       title: 'PostCSS has XSS via Unescaped </style> in its CSS Stringify Output',
39 silly audit report       severity: 'moderate',
39 silly audit report       vulnerable_versions: '<8.5.10',
39 silly audit report       cwe: [Array],
39 silly audit report       cvss: [Object]
39 silly audit report     }
39 silly audit report   ],
39 silly audit report   sharp: [
39 silly audit report     {
39 silly audit report       id: 1124066,
39 silly audit report       url: 'https://github.com/advisories/GHSA-f88m-g3jw-g9cj',
39 silly audit report       title: 'sharp inherited vulnerabilities in libvips: CVE-2026-33327, CVE-2026-33328, CVE-2026-35590, CVE-2026-35591',
39 silly audit report       severity: 'high',
39 silly audit report       vulnerable_versions: '<0.35.0',
39 silly audit report       cwe: [Array],
39 silly audit report       cvss: [Object]
39 silly audit report     }
39 silly audit report   ],
39 silly audit report   undici: [
39 silly audit report     {
39 silly audit report       id: 1121187,
39 silly audit report       url: 'https://github.com/advisories/GHSA-vmh5-mc38-953g',
39 silly audit report       title: 'undici vulnerable to TLS certificate validation bypass via dropped requestTls in SOCKS5 ProxyAgent',
39 silly audit report       severity: 'high',
39 silly audit report       vulnerable_versions: '>=7.23.0 <7.28.0',
39 silly audit report       cwe: [Array],
39 silly audit report       cvss: [Object]
39 silly audit report     },
39 silly audit report     {
39 silly audit report       id: 1121241,
39 silly audit report       url: 'https://github.com/advisories/GHSA-p88m-4jfj-68fv',
39 silly audit report       title: 'undici vulnerable to HTTP header injection via Set-Cookie percent-decoding',
39 silly audit report       severity: 'moderate',
39 silly audit report       vulnerable_versions: '>=7.0.0 <7.28.0',
39 silly audit report       cwe: [Array],
39 silly audit report       cvss: [Object]
39 silly audit report     },
39 silly audit report     {
39 silly audit report       id: 1121244,
39 silly audit report       url: 'https://github.com/advisories/GHSA-vxpw-j846-p89q',
39 silly audit report       title: 'undici WebSocket client vulnerable to denial of service via fragment count bypass',
39 silly audit report       severity: 'high',
39 silly audit report       vulnerable_versions: '>=7.0.0 <7.28.0',
39 silly audit report       cwe: [Array],
39 silly audit report       cvss: [Object]
39 silly audit report     },
39 silly audit report     {
39 silly audit report       id: 1121247,
39 silly audit report       url: 'https://github.com/advisories/GHSA-hm92-r4w5-c3mj',
39 silly audit report       title: 'undici vulnerable to cross-origin request routing via SOCKS5 proxy pool reuse',
39 silly audit report       severity: 'high',
39 silly audit report       vulnerable_versions: '>=7.23.0 <7.28.0',
39 silly audit report       cwe: [Array],
39 silly audit report       cvss: [Object]
39 silly audit report     },
39 silly audit report     {
39 silly audit report       id: 1121249,
39 silly audit report       url: 'https://github.com/advisories/GHSA-35p6-xmwp-9g52',
39 silly audit report       title: 'undici vulnerable to HTTP response queue poisoning via keep-alive socket reuse',
39 silly audit report       severity: 'low',
39 silly audit report       vulnerable_versions: '>=7.0.0 <7.28.0',
39 silly audit report       cwe: [Array],
39 silly audit report       cvss: [Object]
39 silly audit report     },
39 silly audit report     {
39 silly audit report       id: 1121254,
39 silly audit report       url: 'https://github.com/advisories/GHSA-g8m3-5g58-fq7m',
39 silly audit report       title: 'undici vulnerable to Set-Cookie SameSite attribute downgrade via permissive substring matching',
39 silly audit report       severity: 'low',
39 silly audit report       vulnerable_versions: '>=7.0.0 <7.28.0',
39 silly audit report       cwe: [Array],
39 silly audit report       cvss: [Object]
39 silly audit report     },
39 silly audit report     {
39 silly audit report       id: 1121428,
39 silly audit report       url: 'https://github.com/advisories/GHSA-pr7r-676h-xcf6',
39 silly audit report       title: 'undici vulnerable to cross-user information disclosure via shared cache whitespace bypass',
39 silly audit report       severity: 'moderate',
39 silly audit report       vulnerable_versions: '>=7.0.0 <7.28.0',
39 silly audit report       cwe: [Array],
39 silly audit report       cvss: [Object]
39 silly audit report     }
39 silly audit report   ],
39 silly audit report   vite: [
39 silly audit report     {
39 silly audit report       id: 1120786,
39 silly audit report       url: 'https://github.com/advisories/GHSA-v6wh-96g9-6wx3',
39 silly audit report       title: 'launch-editor: NTLMv2 hash disclosure via UNC path handling on Windows',
39 silly audit report       severity: 'moderate',
39 silly audit report       vulnerable_versions: '>=8.0.0 <=8.0.15',
39 silly audit report       cwe: [Array],
39 silly audit report       cvss: [Object]
39 silly audit report     },
39 silly audit report     {
39 silly audit report       id: 1123527,
39 silly audit report       url: 'https://github.com/advisories/GHSA-fx2h-pf6j-xcff',
39 silly audit report       title: 'vite: `server.fs.deny` bypass on Windows alternate paths',
39 silly audit report       severity: 'high',
39 silly audit report       vulnerable_versions: '>=8.0.0 <=8.0.15',
39 silly audit report       cwe: [Array],
39 silly audit report       cvss: [Object]
39 silly audit report     }
39 silly audit report   ],
39 silly audit report   ws: [
39 silly audit report     {
39 silly audit report       id: 1119108,
39 silly audit report       url: 'https://github.com/advisories/GHSA-58qx-3vcg-4xpx',
39 silly audit report       title: 'ws: Uninitialized memory disclosure',
39 silly audit report       severity: 'moderate',
39 silly audit report       vulnerable_versions: '>=8.0.0 <8.20.1',
39 silly audit report       cwe: [Array],
39 silly audit report       cvss: [Object]
39 silly audit report     },
39 silly audit report     {
39 silly audit report       id: 1123259,
39 silly audit report       url: 'https://github.com/advisories/GHSA-96hv-2xvq-fx4p',
39 silly audit report       title: 'ws: Memory exhaustion DoS from tiny fragments and data chunks',
39 silly audit report       severity: 'high',
39 silly audit report       vulnerable_versions: '>=8.0.0 <8.21.0',
39 silly audit report       cwe: [Array],
39 silly audit report       cvss: [Object]
39 silly audit report     }
39 silly audit report   ]
39 silly audit report }
40 silly packumentCache corgi:https://registry.npmjs.org/@babel%2fcore cache-miss
41 silly packumentCache corgi:https://registry.npmjs.org/esbuild cache-miss
42 silly packumentCache corgi:https://registry.npmjs.org/brace-expansion cache-miss
43 silly packumentCache corgi:https://registry.npmjs.org/fast-uri cache-miss
44 silly packumentCache corgi:https://registry.npmjs.org/js-yaml cache-miss
45 silly packumentCache corgi:https://registry.npmjs.org/next cache-miss
46 silly packumentCache corgi:https://registry.npmjs.org/postcss cache-miss
47 silly packumentCache corgi:https://registry.npmjs.org/sharp cache-miss
48 silly packumentCache corgi:https://registry.npmjs.org/undici cache-miss
49 silly packumentCache corgi:https://registry.npmjs.org/vite cache-miss
50 silly packumentCache corgi:https://registry.npmjs.org/ws cache-miss
51 http fetch GET 200 https://registry.npmjs.org/@babel%2fcore 217ms (cache miss)
52 silly packumentCache corgi:https://registry.npmjs.org/@babel%2fcore set size:undefined disposed:false
53 http fetch GET 200 https://registry.npmjs.org/json-bigint/-/json-bigint-1.0.0.tgz 665ms (cache miss)
54 http fetch GET 200 https://registry.npmjs.org/bignumber.js/-/bignumber.js-9.3.1.tgz 792ms (cache miss)
55 http fetch GET 200 https://registry.npmjs.org/esbuild 465ms (cache miss)
56 silly packumentCache corgi:https://registry.npmjs.org/esbuild set size:undefined disposed:false
57 http fetch GET 200 https://registry.npmjs.org/brace-expansion 619ms (cache miss)
58 silly packumentCache corgi:https://registry.npmjs.org/brace-expansion set size:undefined disposed:false
59 http fetch GET 200 https://registry.npmjs.org/js-yaml 623ms (cache miss)
60 silly packumentCache corgi:https://registry.npmjs.org/js-yaml set size:undefined disposed:false
61 http fetch GET 200 https://registry.npmjs.org/fast-uri 650ms (cache miss)
62 silly packumentCache corgi:https://registry.npmjs.org/fast-uri set size:undefined disposed:false
63 http fetch GET 200 https://registry.npmjs.org/ws 795ms (cache miss)
64 silly packumentCache corgi:https://registry.npmjs.org/ws set size:undefined disposed:false
65 http fetch GET 200 https://registry.npmjs.org/sharp 826ms (cache miss)
66 silly packumentCache corgi:https://registry.npmjs.org/sharp set size:undefined disposed:false
67 http fetch GET 200 https://registry.npmjs.org/postcss 850ms (cache miss)
68 silly packumentCache corgi:https://registry.npmjs.org/postcss set size:undefined disposed:false
69 http fetch GET 200 https://registry.npmjs.org/undici 868ms (cache miss)
70 silly packumentCache corgi:https://registry.npmjs.org/undici set size:undefined disposed:false
71 http fetch GET 200 https://registry.npmjs.org/appwrite/-/appwrite-26.2.0.tgz 1416ms (cache miss)
72 http fetch GET 200 https://registry.npmjs.org/vite 1848ms (cache miss)
73 silly packumentCache corgi:https://registry.npmjs.org/vite set size:undefined disposed:false
74 http fetch GET 200 https://registry.npmjs.org/next 2478ms (cache miss)
75 silly packumentCache corgi:https://registry.npmjs.org/next set size:undefined disposed:false
76 silly packumentCache corgi:https://registry.npmjs.org/@babel%2fhelper-module-transforms cache-miss
77 silly packumentCache corgi:https://registry.npmjs.org/eslint-plugin-react-hooks cache-miss
78 http fetch GET 200 https://registry.npmjs.org/@babel%2fhelper-module-transforms 186ms (cache miss)
79 silly packumentCache corgi:https://registry.npmjs.org/@babel%2fhelper-module-transforms set size:undefined disposed:false
80 http fetch GET 200 https://registry.npmjs.org/eslint-plugin-react-hooks 864ms (cache miss)
81 silly packumentCache corgi:https://registry.npmjs.org/eslint-plugin-react-hooks set size:undefined disposed:false
82 silly packumentCache corgi:https://registry.npmjs.org/@esbuild-kit%2fcore-utils cache-miss
83 http fetch GET 200 https://registry.npmjs.org/@esbuild-kit%2fcore-utils 234ms (cache miss)
84 silly packumentCache corgi:https://registry.npmjs.org/@esbuild-kit%2fcore-utils set size:undefined disposed:false
85 silly packumentCache corgi:https://registry.npmjs.org/tsx cache-miss
86 silly packumentCache corgi:https://registry.npmjs.org/wrangler cache-miss
87 http fetch GET 200 https://registry.npmjs.org/tsx 233ms (cache miss)
88 silly packumentCache corgi:https://registry.npmjs.org/tsx set size:undefined disposed:false
89 http fetch GET 200 https://registry.npmjs.org/wrangler 1025ms (cache miss)
90 silly packumentCache corgi:https://registry.npmjs.org/wrangler set size:undefined disposed:false
91 silly packumentCache corgi:https://registry.npmjs.org/minimatch cache-miss
92 http fetch GET 200 https://registry.npmjs.org/minimatch 265ms (cache miss)
93 silly packumentCache corgi:https://registry.npmjs.org/minimatch set size:undefined disposed:false
94 silly packumentCache corgi:https://registry.npmjs.org/ajv cache-miss
95 http fetch GET 200 https://registry.npmjs.org/ajv 310ms (cache miss)
96 silly packumentCache corgi:https://registry.npmjs.org/ajv set size:undefined disposed:false
97 silly packumentCache corgi:https://registry.npmjs.org/@eslint%2feslintrc cache-miss
98 http fetch GET 200 https://registry.npmjs.org/@eslint%2feslintrc 305ms (cache miss)
99 silly packumentCache corgi:https://registry.npmjs.org/@eslint%2feslintrc set size:undefined disposed:false
100 silly packumentCache corgi:https://registry.npmjs.org/@unpic%2freact cache-miss
101 http fetch GET 200 https://registry.npmjs.org/@unpic%2freact 635ms (cache miss)
102 silly packumentCache corgi:https://registry.npmjs.org/@unpic%2freact set size:undefined disposed:false
103 silly packumentCache corgi:https://registry.npmjs.org/miniflare cache-miss
104 http fetch GET 200 https://registry.npmjs.org/miniflare 659ms (cache miss)
105 silly packumentCache corgi:https://registry.npmjs.org/miniflare set size:undefined disposed:false
106 silly packumentCache corgi:https://registry.npmjs.org/@cloudflare%2fvite-plugin cache-miss
107 silly packumentCache corgi:https://registry.npmjs.org/@vitejs%2fplugin-react cache-miss
108 silly packumentCache corgi:https://registry.npmjs.org/@vitejs%2fplugin-rsc cache-miss
109 silly packumentCache corgi:https://registry.npmjs.org/vinext cache-miss
110 silly packumentCache corgi:https://registry.npmjs.org/vite-tsconfig-paths cache-miss
111 silly packumentCache corgi:https://registry.npmjs.org/vitefu cache-miss
112 http fetch GET 200 https://registry.npmjs.org/vinext 173ms (cache miss)
113 silly packumentCache corgi:https://registry.npmjs.org/vinext set size:undefined disposed:false
114 http fetch GET 200 https://registry.npmjs.org/@vitejs%2fplugin-react 207ms (cache miss)
115 silly packumentCache corgi:https://registry.npmjs.org/@vitejs%2fplugin-react set size:undefined disposed:false
116 http fetch GET 200 https://registry.npmjs.org/vite-tsconfig-paths 238ms (cache miss)
117 silly packumentCache corgi:https://registry.npmjs.org/vite-tsconfig-paths set size:undefined disposed:false
118 http fetch GET 200 https://registry.npmjs.org/@vitejs%2fplugin-rsc 248ms (cache miss)
119 silly packumentCache corgi:https://registry.npmjs.org/@vitejs%2fplugin-rsc set size:undefined disposed:false
120 http fetch GET 200 https://registry.npmjs.org/vitefu 323ms (cache miss)
121 silly packumentCache corgi:https://registry.npmjs.org/vitefu set size:undefined disposed:false
122 http fetch GET 200 https://registry.npmjs.org/@cloudflare%2fvite-plugin 355ms (cache miss)
123 silly packumentCache corgi:https://registry.npmjs.org/@cloudflare%2fvite-plugin set size:undefined disposed:false
124 silly packumentCache corgi:https://registry.npmjs.org/@esbuild-kit%2fesm-loader cache-miss
125 http fetch GET 200 https://registry.npmjs.org/@esbuild-kit%2fesm-loader 182ms (cache miss)
126 silly packumentCache corgi:https://registry.npmjs.org/@esbuild-kit%2fesm-loader set size:undefined disposed:false
127 silly packumentCache corgi:https://registry.npmjs.org/drizzle-kit cache-miss
128 http fetch GET 200 https://registry.npmjs.org/drizzle-kit 217ms (cache miss)
129 silly packumentCache corgi:https://registry.npmjs.org/drizzle-kit set size:undefined disposed:false
130 silly ADD node_modules/bignumber.js
131 silly ADD node_modules/json-bigint
132 silly ADD node_modules/appwrite
133 verbose cwd C:\Users\Renzo\Desktop\inventario de vanigas
134 verbose os Windows_NT 10.0.26200
135 verbose node v24.13.0
136 verbose npm  v11.12.1
137 notice
137 notice New minor version of npm available! 11.12.1 -> 11.18.0
137 notice Changelog: https://github.com/npm/cli/releases/tag/v11.18.0
137 notice To update run: npm install -g npm@11.18.0
137 notice  { force: true, Symbol(proc-log.meta): true }
138 verbose exit 0
139 info ok
